  circle.cpp
  point.cpp
  源.cpp
E:\C++\学习\C++核心编程\类和对象-封装\07 封装案例2-点和圆关系\07 封装案例2-点和圆关系\源.cpp(1,1): warning C4819: 该文件包含不能在当前代码页(936)中表示的字符。请将该文件保存为 Unicode 格式以防止数据丢失
E:\C++\学习\C++核心编程\类和对象-封装\07 封装案例2-点和圆关系\07 封装案例2-点和圆关系\源.cpp(32,7): error C2011: “Circle”:“class”类型重定义
      E:\C++\学习\C++核心编程\类和对象-封装\07 封装案例2-点和圆关系\07 封装案例2-点和圆关系\circle.h(5,7):
      参见“Circle”的声明
  
E:\C++\学习\C++核心编程\类和对象-封装\07 封装案例2-点和圆关系\07 封装案例2-点和圆关系\源.cpp(62,18): error C2027: 使用了未定义类型“Circle”
      E:\C++\学习\C++核心编程\类和对象-封装\07 封装案例2-点和圆关系\07 封装案例2-点和圆关系\circle.h(5,7):
      参见“Circle”的声明
  
E:\C++\学习\C++核心编程\类和对象-封装\07 封装案例2-点和圆关系\07 封装案例2-点和圆关系\源.cpp(62,54): error C2027: 使用了未定义类型“Circle”
      E:\C++\学习\C++核心编程\类和对象-封装\07 封装案例2-点和圆关系\07 封装案例2-点和圆关系\circle.h(5,7):
      参见“Circle”的声明
  
E:\C++\学习\C++核心编程\类和对象-封装\07 封装案例2-点和圆关系\07 封装案例2-点和圆关系\源.cpp(62,90): error C2027: 使用了未定义类型“Circle”
      E:\C++\学习\C++核心编程\类和对象-封装\07 封装案例2-点和圆关系\07 封装案例2-点和圆关系\circle.h(5,7):
      参见“Circle”的声明
  
E:\C++\学习\C++核心编程\类和对象-封装\07 封装案例2-点和圆关系\07 封装案例2-点和圆关系\源.cpp(62,126): error C2027: 使用了未定义类型“Circle”
      E:\C++\学习\C++核心编程\类和对象-封装\07 封装案例2-点和圆关系\07 封装案例2-点和圆关系\circle.h(5,7):
      参见“Circle”的声明
  
E:\C++\学习\C++核心编程\类和对象-封装\07 封装案例2-点和圆关系\07 封装案例2-点和圆关系\源.cpp(64,18): error C2027: 使用了未定义类型“Circle”
      E:\C++\学习\C++核心编程\类和对象-封装\07 封装案例2-点和圆关系\07 封装案例2-点和圆关系\circle.h(5,7):
      参见“Circle”的声明
  
E:\C++\学习\C++核心编程\类和对象-封装\07 封装案例2-点和圆关系\07 封装案例2-点和圆关系\源.cpp(64,29): error C2027: 使用了未定义类型“Circle”
      E:\C++\学习\C++核心编程\类和对象-封装\07 封装案例2-点和圆关系\07 封装案例2-点和圆关系\circle.h(5,7):
      参见“Circle”的声明
  
E:\C++\学习\C++核心编程\类和对象-封装\07 封装案例2-点和圆关系\07 封装案例2-点和圆关系\源.cpp(77,9): error C2079: “c”使用未定义的 class“Circle”
  正在生成代码...
